2026-09-24T16:11:29.750-03:00  INFO 4584 --- [libraryapi] [main] i.g.henrique0120.libraryapi.Application  : Starting Application v0.0.1-SNAPSHOT using Java 21.0.12.1 with PID 4584 (C:\Users\Henrique Souza\Desktop\spring\libraryapi\libraryapi\target\libraryapi-0.0.1-SNAPSHOT.jar started by Henrique Souza in C:\Users\Henrique Souza\Desktop\spring\libraryapi\libraryapi)
2026-09-24T16:11:29.772-03:00  INFO 4584 --- [libraryapi] [main] i.g.henrique0120.libraryapi.Application  : No active profile set, falling back to 1 default profile: "default"
2026-09-24T16:11:40.897-03:00  WARN 4584 --- [libraryapi] [main] com.zaxxer.hikari.HikariConfig           : library-db-pool - idleTimeout is close to or more than maxLifetime, disabling it.
2026-09-24T16:11:55.259-03:00 DEBUG 4584 --- [libraryapi] [main] o.s.w.f.ServerHttpObservationFilter      : Filter 'webMvcObservationFilter' configured for use
2026-09-24T16:11:55.262-03:00 DEBUG 4584 --- [libraryapi] [main] o.s.w.s.r.ResourceUrlEncodingFilter      : Filter 'resourceUrlEncodingFilter' configured for use
2026-09-24T16:12:00.392-03:00 TRACE 4584 --- [libraryapi] [main] eGlobalAuthenticationAutowiredConfigurer : Eagerly initializing {securityConfiguration=io.github.henrique0120.libraryapi.config.SecurityConfiguration$$SpringCGLIB$$0@65402e26}
2026-09-24T16:12:00.547-03:00  INFO 4584 --- [libraryapi] [main] r$InitializeUserDetailsManagerConfigurer : Global AuthenticationManager configured with UserDetailsService bean with name userDetailsServiceImpl
2026-09-24T16:12:02.103-03:00  WARN 4584 --- [libraryapi] [main] JpaBaseConfiguration$JpaWebConfiguration : spring.jpa.open-in-view is enabled by default. Therefore, database queries may be performed during view rendering. Explicitly configure spring.jpa.open-in-view to disable this warning
2026-09-24T16:12:03.300-03:00 DEBUG 4584 --- [libraryapi] [main] o.s.s.web.DefaultSecurityFilterChain     : Will secure any request with filters: DisableEncodeUrlFilter, WebAsyncManagerIntegrationFilter, SecurityContextHolderFilter, HeaderWriterFilter, LogoutFilter, JwtAuthenticationFilter, RequestCacheAwareFilter, SecurityContextHolderAwareRequestFilter, AnonymousAuthenticationFilter, SessionManagementFilter, ExceptionTranslationFilter, AuthorizationFilter
2026-09-24T16:12:03.465-03:00  WARN 4584 --- [libraryapi] [main] o.s.s.c.a.web.builders.WebSecurity       : You are asking Spring Security to ignore PathPattern [/v2/api-docs/**]. This is not recommended -- please use permitAll via HttpSecurity#authorizeHttpRequests instead.
2026-09-24T16:12:03.497-03:00 DEBUG 4584 --- [libraryapi] [main] o.s.s.web.DefaultSecurityFilterChain     : Will not secure PathPattern [/v2/api-docs/**]
2026-09-24T16:12:03.547-03:00  WARN 4584 --- [libraryapi] [main] o.s.s.c.a.web.builders.WebSecurity       : You are asking Spring Security to ignore PathPattern [/v3/api-docs/**]. This is not recommended -- please use permitAll via HttpSecurity#authorizeHttpRequests instead.
2026-09-24T16:12:03.557-03:00 DEBUG 4584 --- [libraryapi] [main] o.s.s.web.DefaultSecurityFilterChain     : Will not secure PathPattern [/v3/api-docs/**]
2026-09-24T16:12:03.574-03:00  WARN 4584 --- [libraryapi] [main] o.s.s.c.a.web.builders.WebSecurity       : You are asking Spring Security to ignore PathPattern [/swagger-resources/**]. This is not recommended -- please use permitAll via HttpSecurity#authorizeHttpRequests instead.
2026-09-24T16:12:03.585-03:00 DEBUG 4584 --- [libraryapi] [main] o.s.s.web.DefaultSecurityFilterChain     : Will not secure PathPattern [/swagger-resources/**]
2026-09-24T16:12:03.602-03:00  WARN 4584 --- [libraryapi] [main] o.s.s.c.a.web.builders.WebSecurity       : You are asking Spring Security to ignore PathPattern [/swagger-ui.html]. This is not recommended -- please use permitAll via HttpSecurity#authorizeHttpRequests instead.
2026-09-24T16:12:03.642-03:00 DEBUG 4584 --- [libraryapi] [main] o.s.s.web.DefaultSecurityFilterChain     : Will not secure PathPattern [/swagger-ui.html]
2026-09-24T16:12:03.674-03:00  WARN 4584 --- [libraryapi] [main] o.s.s.c.a.web.builders.WebSecurity       : You are asking Spring Security to ignore PathPattern [/swagger-ui/**]. This is not recommended -- please use permitAll via HttpSecurity#authorizeHttpRequests instead.
2026-09-24T16:12:03.776-03:00 DEBUG 4584 --- [libraryapi] [main] o.s.s.web.DefaultSecurityFilterChain     : Will not secure PathPattern [/swagger-ui/**]
2026-09-24T16:12:03.846-03:00  WARN 4584 --- [libraryapi] [main] o.s.s.c.a.web.builders.WebSecurity       : You are asking Spring Security to ignore PathPattern [/webjars/**]. This is not recommended -- please use permitAll via HttpSecurity#authorizeHttpRequests instead.
2026-09-24T16:12:03.867-03:00 DEBUG 4584 --- [libraryapi] [main] o.s.s.web.DefaultSecurityFilterChain     : Will not secure PathPattern [/webjars/**]
2026-09-24T16:12:03.898-03:00  WARN 4584 --- [libraryapi] [main] o.s.s.c.a.web.builders.WebSecurity       : You are asking Spring Security to ignore PathPattern [/actuator/**]. This is not recommended -- please use permitAll via HttpSecurity#authorizeHttpRequests instead.
2026-09-24T16:12:03.911-03:00 DEBUG 4584 --- [libraryapi] [main] o.s.s.web.DefaultSecurityFilterChain     : Will not secure PathPattern [/actuator/**]
2026-09-24T16:12:04.812-03:00 DEBUG 4584 --- [libraryapi] [main] s.w.s.m.m.a.RequestMappingHandlerMapping : 18 mappings in 'requestMappingHandlerMapping'
2026-09-24T16:12:05.041-03:00 DEBUG 4584 --- [libraryapi] [main] o.s.w.s.handler.SimpleUrlHandlerMapping  : Patterns [/login] in 'viewControllerHandlerMapping'
2026-09-24T16:12:05.261-03:00 DEBUG 4584 --- [libraryapi] [main] o.s.w.s.handler.SimpleUrlHandlerMapping  : Patterns [/swagger-ui/**, /swagger-ui/*index.html, /swagger-ui/*swagger-initializer.js, /webjars/*swagger-ui/**, /webjars/*swagger-ui/*index.html, /webjars/*swagger-ui/5.32.11/*index.html, /webjars/*swagger-ui/*swagger-initializer.js, /webjars/*swagger-ui/5.32.11/*swagger-initializer.js] in 'resourceHandlerMapping'
2026-09-24T16:12:05.514-03:00 DEBUG 4584 --- [libraryapi] [main] s.w.s.m.m.a.RequestMappingHandlerAdapter : ControllerAdvice beans: 0 @ModelAttribute, 0 @InitBinder, 2 RequestBodyAdvice, 1 ResponseBodyAdvice
2026-09-24T16:12:06.022-03:00 DEBUG 4584 --- [libraryapi] [main] .m.m.a.ExceptionHandlerExceptionResolver : ControllerAdvice beans: 2 @ExceptionHandler, 1 ResponseBodyAdvice
2026-09-24T16:12:11.338-03:00 DEBUG 4584 --- [libraryapi] [main] s.w.s.m.m.a.RequestMappingHandlerMapping : 1 mappings in 'requestMappingHandlerMapping'
2026-09-24T16:12:11.347-03:00 DEBUG 4584 --- [libraryapi] [main] o.s.w.s.handler.SimpleUrlHandlerMapping  : Patterns [/login] in 'viewControllerHandlerMapping'
2026-09-24T16:12:11.386-03:00 DEBUG 4584 --- [libraryapi] [main] o.s.w.s.handler.SimpleUrlHandlerMapping  : Patterns [/swagger-ui/**, /swagger-ui/*index.html, /swagger-ui/*swagger-initializer.js, /webjars/*swagger-ui/**, /webjars/*swagger-ui/*index.html, /webjars/*swagger-ui/5.32.11/*index.html, /webjars/*swagger-ui/*swagger-initializer.js, /webjars/*swagger-ui/5.32.11/*swagger-initializer.js] in 'resourceHandlerMapping'
2026-09-24T16:12:11.509-03:00 DEBUG 4584 --- [libraryapi] [main] s.w.s.m.m.a.RequestMappingHandlerAdapter : ControllerAdvice beans: 0 @ModelAttribute, 0 @InitBinder, 2 RequestBodyAdvice, 1 ResponseBodyAdvice
2026-09-24T16:12:11.725-03:00  INFO 4584 --- [libraryapi] [main] i.g.henrique0120.libraryapi.Application  : Started Application in 44.523 seconds (process running for 46.789)
2026-09-24T16:12:12.439-03:00  WARN 4584 --- [libraryapi] [main] o.s.core.events.SpringDocAppInitializer  : SpringDoc /v3/api-docs endpoint is enabled by default. To disable it in production, set the property 'springdoc.api-docs.enabled=false'
2026-09-24T16:12:12.441-03:00  WARN 4584 --- [libraryapi] [main] o.s.core.events.SpringDocAppInitializer  : SpringDoc /swagger-ui.html endpoint is enabled by default. To disable it in production, set the property 'springdoc.swagger-ui.enabled=false'
